2026-07-25 01:20:57.298 | INFO     | orchestrator:__init__:52 - Orchestrator initialized with 8 engines
2026-07-25 01:20:57.301 | INFO     | orchestrator:__init__:53 - Execution order: master → police → population → media → time → festival → weather → scenario
2026-07-25 01:20:57.303 | INFO     | orchestrator:run_engine:182 - Auto-running dependency: master
2026-07-25 01:20:57.306 | INFO     | engines.base_engine:run:179 - Engine 'master' starting...
2026-07-25 01:20:57.308 | INFO     | engines.master_engine.engine:generate:43 - Generating master lookup tables...
2026-07-25 01:20:59.895 | INFO     | engines.master_engine.engine:_generate_police_stations:265 - Generated 1376 police stations
2026-07-25 01:21:00.329 | INFO     | engines.master_engine.engine:_generate_courts:341 - Generated 238 courts
2026-07-25 01:21:01.468 | INFO     | engines.master_engine.engine:generate:103 - Master generation complete: 18 tables, 1990 total records
2026-07-25 01:21:01.470 | INFO     | engines.base_engine:put:95 - DataStore: stored 'states' with 1 records
2026-07-25 01:21:01.472 | INFO     | engines.base_engine:put:95 - DataStore: stored 'districts' with 31 records
2026-07-25 01:21:01.474 | INFO     | engines.base_engine:put:95 - DataStore: stored 'taluks' with 111 records
2026-07-25 01:21:01.475 | INFO     | engines.base_engine:put:95 - DataStore: stored 'unit_types' with 8 records
2026-07-25 01:21:01.477 | INFO     | engines.base_engine:put:95 - DataStore: stored 'police_stations' with 1376 records
2026-07-25 01:21:01.478 | INFO     | engines.base_engine:put:95 - DataStore: stored 'courts' with 238 records
2026-07-25 01:21:01.480 | INFO     | engines.base_engine:put:95 - DataStore: stored 'ranks' with 13 records
2026-07-25 01:21:01.481 | INFO     | engines.base_engine:put:95 - DataStore: stored 'designations' with 10 records
2026-07-25 01:21:01.483 | INFO     | engines.base_engine:put:95 - DataStore: stored 'occupations' with 30 records
2026-07-25 01:21:01.484 | INFO     | engines.base_engine:put:95 - DataStore: stored 'religions' with 7 records
2026-07-25 01:21:01.486 | INFO     | engines.base_engine:put:95 - DataStore: stored 'castes' with 20 records
2026-07-25 01:21:01.487 | INFO     | engines.base_engine:put:95 - DataStore: stored 'case_categories' with 4 records
2026-07-25 01:21:01.488 | INFO     | engines.base_engine:put:95 - DataStore: stored 'case_statuses' with 12 records
2026-07-25 01:21:01.490 | INFO     | engines.base_engine:put:95 - DataStore: stored 'gravity_offences' with 3 records
2026-07-25 01:21:01.491 | INFO     | engines.base_engine:put:95 - DataStore: stored 'crime_heads' with 30 records
2026-07-25 01:21:01.492 | INFO     | engines.base_engine:put:95 - DataStore: stored 'crime_sub_heads' with 46 records
2026-07-25 01:21:01.494 | INFO     | engines.base_engine:put:95 - DataStore: stored 'acts' with 17 records
2026-07-25 01:21:01.495 | INFO     | engines.base_engine:put:95 - DataStore: stored 'sections' with 33 records
2026-07-25 01:21:01.497 | INFO     | engines.base_engine:run:206 - Engine 'master' completed: 1990 records across 18 tables in 4.19s
2026-07-25 01:21:01.498 | INFO     | orchestrator:run_engine:182 - Auto-running dependency: population
2026-07-25 01:21:01.500 | INFO     | engines.base_engine:run:179 - Engine 'population' starting...
2026-07-25 01:21:01.501 | INFO     | engines.population_engine.engine:generate:40 - Generating synthetic population...
2026-07-25 01:21:10.991 | INFO     | orchestrator:__init__:52 - Orchestrator initialized with 8 engines
2026-07-25 01:21:10.994 | INFO     | orchestrator:__init__:53 - Execution order: master → police → population → media → time → festival → weather → scenario
2026-07-25 01:21:10.996 | INFO     | orchestrator:run_engine:182 - Auto-running dependency: master
2026-07-25 01:21:10.997 | INFO     | engines.base_engine:run:179 - Engine 'master' starting...
2026-07-25 01:21:10.999 | INFO     | engines.master_engine.engine:generate:43 - Generating master lookup tables...
2026-07-25 01:21:14.231 | INFO     | engines.master_engine.engine:_generate_police_stations:265 - Generated 1376 police stations
2026-07-25 01:21:14.602 | INFO     | engines.master_engine.engine:_generate_courts:341 - Generated 238 courts
2026-07-25 01:21:15.901 | INFO     | engines.master_engine.engine:generate:103 - Master generation complete: 18 tables, 1990 total records
2026-07-25 01:21:15.903 | INFO     | engines.base_engine:put:95 - DataStore: stored 'states' with 1 records
2026-07-25 01:21:15.904 | INFO     | engines.base_engine:put:95 - DataStore: stored 'districts' with 31 records
2026-07-25 01:21:15.905 | INFO     | engines.base_engine:put:95 - DataStore: stored 'taluks' with 111 records
2026-07-25 01:21:15.907 | INFO     | engines.base_engine:put:95 - DataStore: stored 'unit_types' with 8 records
2026-07-25 01:21:15.908 | INFO     | engines.base_engine:put:95 - DataStore: stored 'police_stations' with 1376 records
2026-07-25 01:21:15.909 | INFO     | engines.base_engine:put:95 - DataStore: stored 'courts' with 238 records
2026-07-25 01:21:15.910 | INFO     | engines.base_engine:put:95 - DataStore: stored 'ranks' with 13 records
2026-07-25 01:21:15.911 | INFO     | engines.base_engine:put:95 - DataStore: stored 'designations' with 10 records
2026-07-25 01:21:15.913 | INFO     | engines.base_engine:put:95 - DataStore: stored 'occupations' with 30 records
2026-07-25 01:21:15.914 | INFO     | engines.base_engine:put:95 - DataStore: stored 'religions' with 7 records
2026-07-25 01:21:15.917 | INFO     | engines.base_engine:put:95 - DataStore: stored 'castes' with 20 records
2026-07-25 01:21:15.920 | INFO     | engines.base_engine:put:95 - DataStore: stored 'case_categories' with 4 records
2026-07-25 01:21:15.922 | INFO     | engines.base_engine:put:95 - DataStore: stored 'case_statuses' with 12 records
2026-07-25 01:21:15.924 | INFO     | engines.base_engine:put:95 - DataStore: stored 'gravity_offences' with 3 records
2026-07-25 01:21:15.925 | INFO     | engines.base_engine:put:95 - DataStore: stored 'crime_heads' with 30 records
2026-07-25 01:21:15.926 | INFO     | engines.base_engine:put:95 - DataStore: stored 'crime_sub_heads' with 46 records
2026-07-25 01:21:15.928 | INFO     | engines.base_engine:put:95 - DataStore: stored 'acts' with 17 records
2026-07-25 01:21:15.929 | INFO     | engines.base_engine:put:95 - DataStore: stored 'sections' with 33 records
2026-07-25 01:21:15.930 | INFO     | engines.base_engine:run:206 - Engine 'master' completed: 1990 records across 18 tables in 4.93s
2026-07-25 01:21:15.932 | INFO     | orchestrator:run_engine:182 - Auto-running dependency: population
2026-07-25 01:21:15.943 | INFO     | engines.base_engine:run:179 - Engine 'population' starting...
2026-07-25 01:21:15.945 | INFO     | engines.population_engine.engine:generate:40 - Generating synthetic population...
2026-07-25 01:22:37.797 | INFO     | orchestrator:__init__:52 - Orchestrator initialized with 8 engines
2026-07-25 01:22:37.800 | INFO     | orchestrator:__init__:53 - Execution order: master → police → population → media → time → festival → weather → scenario
2026-07-25 01:22:37.802 | INFO     | orchestrator:run_engine:182 - Auto-running dependency: master
2026-07-25 01:22:37.813 | INFO     | engines.base_engine:run:179 - Engine 'master' starting...
2026-07-25 01:22:37.815 | INFO     | engines.master_engine.engine:generate:43 - Generating master lookup tables...
2026-07-25 01:22:40.650 | INFO     | engines.master_engine.engine:_generate_police_stations:265 - Generated 1376 police stations
2026-07-25 01:22:41.207 | INFO     | engines.master_engine.engine:_generate_courts:341 - Generated 238 courts
2026-07-25 01:22:42.618 | INFO     | engines.master_engine.engine:generate:103 - Master generation complete: 18 tables, 1990 total records
2026-07-25 01:22:42.620 | INFO     | engines.base_engine:put:95 - DataStore: stored 'states' with 1 records
2026-07-25 01:22:42.623 | INFO     | engines.base_engine:put:95 - DataStore: stored 'districts' with 31 records
2026-07-25 01:22:42.625 | INFO     | engines.base_engine:put:95 - DataStore: stored 'taluks' with 111 records
2026-07-25 01:22:42.627 | INFO     | engines.base_engine:put:95 - DataStore: stored 'unit_types' with 8 records
2026-07-25 01:22:42.629 | INFO     | engines.base_engine:put:95 - DataStore: stored 'police_stations' with 1376 records
2026-07-25 01:22:42.631 | INFO     | engines.base_engine:put:95 - DataStore: stored 'courts' with 238 records
2026-07-25 01:22:42.634 | INFO     | engines.base_engine:put:95 - DataStore: stored 'ranks' with 13 records
2026-07-25 01:22:42.635 | INFO     | engines.base_engine:put:95 - DataStore: stored 'designations' with 10 records
2026-07-25 01:22:42.638 | INFO     | engines.base_engine:put:95 - DataStore: stored 'occupations' with 30 records
2026-07-25 01:22:42.647 | INFO     | engines.base_engine:put:95 - DataStore: stored 'religions' with 7 records
2026-07-25 01:22:42.649 | INFO     | engines.base_engine:put:95 - DataStore: stored 'castes' with 20 records
2026-07-25 01:22:42.650 | INFO     | engines.base_engine:put:95 - DataStore: stored 'case_categories' with 4 records
2026-07-25 01:22:42.651 | INFO     | engines.base_engine:put:95 - DataStore: stored 'case_statuses' with 12 records
2026-07-25 01:22:42.653 | INFO     | engines.base_engine:put:95 - DataStore: stored 'gravity_offences' with 3 records
2026-07-25 01:22:42.655 | INFO     | engines.base_engine:put:95 - DataStore: stored 'crime_heads' with 30 records
2026-07-25 01:22:42.657 | INFO     | engines.base_engine:put:95 - DataStore: stored 'crime_sub_heads' with 46 records
2026-07-25 01:22:42.658 | INFO     | engines.base_engine:put:95 - DataStore: stored 'acts' with 17 records
2026-07-25 01:22:42.660 | INFO     | engines.base_engine:put:95 - DataStore: stored 'sections' with 33 records
2026-07-25 01:22:42.662 | INFO     | engines.base_engine:run:206 - Engine 'master' completed: 1990 records across 18 tables in 4.85s
2026-07-25 01:22:42.663 | INFO     | orchestrator:run_engine:182 - Auto-running dependency: population
2026-07-25 01:22:42.665 | INFO     | engines.base_engine:run:179 - Engine 'population' starting...
2026-07-25 01:22:42.666 | INFO     | engines.population_engine.engine:generate:40 - Generating synthetic population...
2026-07-25 01:29:05.244 | INFO     | engines.population_engine.engine:generate:77 - Generated 50000 persons in 12000 households with 44151 family relationships
2026-07-25 01:29:05.245 | INFO     | engines.base_engine:put:95 - DataStore: stored 'persons' with 50000 records
2026-07-25 01:29:05.245 | INFO     | engines.base_engine:put:95 - DataStore: stored 'households' with 12000 records
2026-07-25 01:29:05.245 | INFO     | engines.base_engine:put:95 - DataStore: stored 'family_relationships' with 44151 records
2026-07-25 01:29:05.245 | INFO     | engines.base_engine:run:206 - Engine 'population' completed: 106151 records across 3 tables in 469.30s
2026-07-25 01:29:05.246 | INFO     | orchestrator:run_engine:182 - Auto-running dependency: police
2026-07-25 01:29:05.246 | INFO     | engines.base_engine:run:179 - Engine 'police' starting...
2026-07-25 01:29:05.246 | INFO     | engines.police_engine:generate:27 - Generating police personnel...
2026-07-25 01:29:05.252 | INFO     | engines.population_engine.engine:generate:77 - Generated 50000 persons in 12000 households with 44151 family relationships
2026-07-25 01:29:05.252 | INFO     | engines.base_engine:put:95 - DataStore: stored 'persons' with 50000 records
2026-07-25 01:29:05.252 | INFO     | engines.base_engine:put:95 - DataStore: stored 'households' with 12000 records
2026-07-25 01:29:05.252 | INFO     | engines.base_engine:put:95 - DataStore: stored 'family_relationships' with 44151 records
2026-07-25 01:29:05.253 | INFO     | engines.base_engine:run:206 - Engine 'population' completed: 106151 records across 3 tables in 483.75s
2026-07-25 01:29:05.253 | INFO     | orchestrator:run_engine:182 - Auto-running dependency: police
2026-07-25 01:29:05.255 | INFO     | engines.base_engine:run:179 - Engine 'police' starting...
2026-07-25 01:29:05.256 | INFO     | engines.police_engine:generate:27 - Generating police personnel...
2026-07-25 01:29:06.393 | INFO     | engines.police_engine:generate:163 - Generated 3000 employees with 3000 postings
2026-07-25 01:29:06.398 | INFO     | engines.base_engine:put:95 - DataStore: stored 'employees' with 3000 records
2026-07-25 01:29:06.399 | INFO     | engines.base_engine:put:95 - DataStore: stored 'postings' with 3000 records
2026-07-25 01:29:06.399 | INFO     | engines.base_engine:run:206 - Engine 'police' completed: 6000 records across 2 tables in 1.15s
2026-07-25 01:29:06.399 | INFO     | engines.base_engine:run:179 - Engine 'media' starting...
2026-07-25 01:29:06.399 | INFO     | engines.media_engine:generate:105 - Starting Media Asset Generation Engine...
2026-07-25 01:29:06.483 | INFO     | engines.police_engine:generate:163 - Generated 3000 employees with 3000 postings
2026-07-25 01:29:06.489 | INFO     | engines.base_engine:put:95 - DataStore: stored 'employees' with 3000 records
2026-07-25 01:29:06.489 | INFO     | engines.base_engine:put:95 - DataStore: stored 'postings' with 3000 records
2026-07-25 01:29:06.489 | INFO     | engines.base_engine:run:206 - Engine 'police' completed: 6000 records across 2 tables in 1.23s
2026-07-25 01:29:06.489 | INFO     | engines.base_engine:run:179 - Engine 'media' starting...
2026-07-25 01:29:06.490 | INFO     | engines.media_engine:generate:105 - Starting Media Asset Generation Engine...
2026-07-25 01:29:06.500 | INFO     | engines.media_engine:generate:143 - Generating 1500 person profile images...
2026-07-25 01:29:06.501 | INFO     | engines.media_engine:generate:143 - Generating 1500 person profile images...
2026-07-25 01:29:10.135 | INFO     | engines.population_engine.engine:generate:77 - Generated 50000 persons in 12000 households with 44151 family relationships
2026-07-25 01:29:10.136 | INFO     | engines.base_engine:put:95 - DataStore: stored 'persons' with 50000 records
2026-07-25 01:29:10.136 | INFO     | engines.base_engine:put:95 - DataStore: stored 'households' with 12000 records
2026-07-25 01:29:10.136 | INFO     | engines.base_engine:put:95 - DataStore: stored 'family_relationships' with 44151 records
2026-07-25 01:29:10.136 | INFO     | engines.base_engine:run:206 - Engine 'population' completed: 106151 records across 3 tables in 387.47s
2026-07-25 01:29:10.136 | INFO     | orchestrator:run_engine:182 - Auto-running dependency: police
2026-07-25 01:29:10.136 | INFO     | engines.base_engine:run:179 - Engine 'police' starting...
2026-07-25 01:29:10.136 | INFO     | engines.police_engine:generate:27 - Generating police personnel...
2026-07-25 01:29:11.108 | INFO     | engines.police_engine:generate:163 - Generated 3000 employees with 3000 postings
2026-07-25 01:29:11.111 | INFO     | engines.base_engine:put:95 - DataStore: stored 'employees' with 3000 records
2026-07-25 01:29:11.111 | INFO     | engines.base_engine:put:95 - DataStore: stored 'postings' with 3000 records
2026-07-25 01:29:11.111 | INFO     | engines.base_engine:run:206 - Engine 'police' completed: 6000 records across 2 tables in 0.97s
2026-07-25 01:29:11.111 | INFO     | engines.base_engine:run:179 - Engine 'media' starting...
2026-07-25 01:29:11.111 | INFO     | engines.media_engine:generate:105 - Starting Media Asset Generation Engine...
2026-07-25 01:29:11.113 | INFO     | engines.media_engine:generate:143 - Generating 1500 person profile images...
2026-07-25 21:47:17.662 | INFO     | engines.media_engine:generate:151 - Generating 90 officer profile images...
2026-07-25 21:47:19.062 | INFO     | engines.media_engine:generate:151 - Generating 90 officer profile images...
2026-07-25 21:47:19.811 | INFO     | engines.media_engine:generate:151 - Generating 90 officer profile images...
2026-07-26 00:13:43.806 | INFO     | engines.media_engine:generate:160 - Generating 20 vehicle images...
2026-07-26 00:13:44.118 | INFO     | engines.media_engine:generate:160 - Generating 20 vehicle images...
2026-07-26 00:13:44.335 | INFO     | engines.media_engine:generate:160 - Generating 20 vehicle images...
2026-07-26 00:13:44.482 | INFO     | engines.media_engine:generate:166 - Generating evidence type images...
2026-07-26 00:13:44.530 | INFO     | engines.media_engine:generate:166 - Generating evidence type images...
2026-07-26 00:13:44.672 | INFO     | engines.media_engine:generate:166 - Generating evidence type images...
2026-07-26 00:13:44.785 | INFO     | engines.media_engine:generate:172 - Generating crime scene images...
2026-07-26 00:13:44.842 | INFO     | engines.media_engine:generate:172 - Generating crime scene images...
2026-07-26 00:13:44.969 | INFO     | engines.media_engine:generate:172 - Generating crime scene images...
2026-07-26 00:13:45.443 | INFO     | engines.media_engine:generate:178 - Generating CCTV frame images...
2026-07-26 00:13:45.523 | INFO     | engines.media_engine:generate:178 - Generating CCTV frame images...
2026-07-26 00:13:45.667 | INFO     | engines.media_engine:generate:178 - Generating CCTV frame images...
2026-07-26 00:13:46.809 | INFO     | engines.media_engine:generate:184 - Generating synthetic fingerprint images...
2026-07-26 00:13:46.939 | INFO     | engines.media_engine:generate:184 - Generating synthetic fingerprint images...
2026-07-26 00:13:47.074 | INFO     | engines.media_engine:generate:184 - Generating synthetic fingerprint images...
2026-07-26 00:13:47.172 | INFO     | engines.media_engine:generate:190 - Generating synthetic signature images...
2026-07-26 00:13:47.444 | INFO     | engines.media_engine:generate:190 - Generating synthetic signature images...
2026-07-26 00:13:47.516 | INFO     | engines.media_engine:generate:196 - Generating district crime heatmaps...
2026-07-26 00:13:47.537 | INFO     | engines.media_engine:generate:196 - Generating district crime heatmaps...
2026-07-26 00:13:47.706 | INFO     | engines.media_engine:generate:190 - Generating synthetic signature images...
2026-07-26 00:13:47.822 | INFO     | engines.media_engine:generate:196 - Generating district crime heatmaps...
2026-07-26 00:13:49.930 | INFO     | engines.media_engine:generate:204 - Generating PDF documents...
2026-07-26 00:13:50.404 | INFO     | engines.media_engine:generate:204 - Generating PDF documents...
2026-07-26 00:13:50.522 | INFO     | engines.media_engine:generate:204 - Generating PDF documents...
2026-07-26 00:14:00.098 | INFO     | engines.media_engine:generate:218 - Media engine complete: 1672 actual media files generated, 50000 metadata-only records
2026-07-26 00:14:00.106 | INFO     | engines.base_engine:put:95 - DataStore: stored 'media_assets' with 1672 records
2026-07-26 00:14:00.106 | INFO     | engines.base_engine:put:95 - DataStore: stored 'media_metadata_all' with 51672 records
2026-07-26 00:14:00.107 | INFO     | engines.base_engine:run:206 - Engine 'media' completed: 53344 records across 2 tables in 81893.62s
2026-07-26 00:14:00.266 | INFO     | engines.media_engine:generate:218 - Media engine complete: 1672 actual media files generated, 50000 metadata-only records
2026-07-26 00:14:00.272 | INFO     | engines.base_engine:put:95 - DataStore: stored 'media_assets' with 1672 records
2026-07-26 00:14:00.273 | INFO     | engines.base_engine:put:95 - DataStore: stored 'media_metadata_all' with 51672 records
2026-07-26 00:14:00.273 | INFO     | engines.base_engine:run:206 - Engine 'media' completed: 53344 records across 2 tables in 81893.87s
2026-07-26 00:14:00.585 | INFO     | engines.media_engine:generate:218 - Media engine complete: 1672 actual media files generated, 50000 metadata-only records
2026-07-26 00:14:00.592 | INFO     | engines.base_engine:put:95 - DataStore: stored 'media_assets' with 1672 records
2026-07-26 00:14:00.593 | INFO     | engines.base_engine:put:95 - DataStore: stored 'media_metadata_all' with 51672 records
2026-07-26 00:14:00.593 | INFO     | engines.base_engine:run:206 - Engine 'media' completed: 53344 records across 2 tables in 81889.48s
